// Jest Snapshot v1, https://goo.gl/fbAQLP

exports[`save #saveEntry() saves image into database 1`] = `"{\\"imageUrl\\":\\"DADA\\",\\"title\\":\\"New york in dark\\",\\"price\\":1200,\\"materials\\":[{\\"name\\":\\"canvas\\",\\"id\\":1}],\\"medias\\":[{\\"name\\":\\"Acrylic\\",\\"id\\":1},{\\"name\\":\\"charcoal\\",\\"id\\":2}],\\"subjects\\":[{\\"name\\":\\"urban\\",\\"id\\":1}],\\"styles\\":[{\\"name\\":\\"cubism\\",\\"id\\":1}],\\"country\\":{\\"name\\":\\"US\\",\\"id\\":1},\\"dimension\\":{\\"height\\":150,\\"width\\":100,\\"unit\\":\\"cm\\",\\"id\\":1},\\"author\\":{\\"foreignId\\":\\"1\\",\\"name\\":\\"Harry Potter\\",\\"followers\\":100,\\"following\\":10,\\"totalArtCount\\":2,\\"soldArtCount\\":1,\\"id\\":1},\\"id\\":1}"`;
