// Jest Snapshot v1, https://goo.gl/fbAQLP

exports[`save #saveEntry() saves image into database 1`] = `"{\\"imageUrl\\":\\"/Users/jakubkanitra/Documents/sup/data-mine/src/images/Study of a skull-0.jpeg\\",\\"title\\":\\"Study of a skull\\",\\"price\\":430,\\"materials\\":[{\\"name\\":\\"Canvas\\",\\"id\\":1}],\\"medias\\":[{\\"name\\":\\"Oil\\",\\"id\\":1}],\\"subjects\\":[{\\"name\\":\\"Mortality\\",\\"id\\":1}],\\"styles\\":[{\\"name\\":\\"Figurative\\",\\"id\\":1},{\\"name\\":\\"Fine Art\\",\\"id\\":2},{\\"name\\":\\"Realism\\",\\"id\\":3}],\\"country\\":{\\"name\\":\\"Romania\\",\\"id\\":1},\\"dimension\\":{\\"height\\":36,\\"width\\":28,\\"unit\\":\\"cm\\",\\"id\\":1},\\"author\\":{\\"foreignId\\":\\"873993\\",\\"name\\":\\"István Bába\\",\\"followers\\":null,\\"following\\":null,\\"totalArtCount\\":null,\\"soldArtCount\\":null,\\"id\\":1},\\"id\\":1}"`;
